2026-06-10 17:49:23 [main] INFO  Main - Starting EvoMetrics Collector...
2026-06-10 17:50:17 [main] INFO  Main - User cancelled. Exiting.
2026-06-10 17:50:43 [main] INFO  Main - Starting EvoMetrics Collector...
2026-06-10 17:51:06 [main] INFO  Main - Configuration received: 3 releases, 4 features selected, memory=UNLIMITED
2026-06-10 17:51:06 [main] INFO  Main - Found 4 features to process.
2026-06-10 17:51:06 [main] INFO  Main - Repository 'egit' already exists.
2026-06-10 17:51:06 [main] INFO  Main - Repository 'gef-classic' already exists.
2026-06-10 17:51:06 [main] INFO  Main - Repository 'gmf-runtime' already exists.
2026-06-10 17:51:06 [main] INFO  Main - Repository 'org.eclipse.emf' already exists.
2026-06-10 17:51:06 [main] INFO  Main - Memory mode: UNLIMITED (all features run in parallel with no memory cap).
2026-06-10 17:51:06 [pool-1-thread-1] INFO  evometrics.core.FeatureEvolutorTask - [GMF] Waiting for 1GB memory permits to start...
2026-06-10 17:51:06 [pool-1-thread-4] INFO  evometrics.core.FeatureEvolutorTask - [EMF] Waiting for 1GB memory permits to start...
2026-06-10 17:51:06 [pool-1-thread-3] INFO  evometrics.core.FeatureEvolutorTask - [EGIT] Waiting for 1GB memory permits to start...
2026-06-10 17:51:06 [pool-1-thread-2] INFO  evometrics.core.FeatureEvolutorTask - [GEF] Waiting for 1GB memory permits to start...
2026-06-10 17:51:06 [pool-1-thread-1] INFO  evometrics.core.FeatureEvolutorTask - [GMF] Acquired 1GB memory permits. Starting execution.
2026-06-10 17:51:06 [pool-1-thread-4] INFO  evometrics.core.FeatureEvolutorTask - [EMF] Acquired 1GB memory permits. Starting execution.
2026-06-10 17:51:06 [pool-1-thread-3] INFO  evometrics.core.FeatureEvolutorTask - [EGIT] Acquired 1GB memory permits. Starting execution.
2026-06-10 17:51:06 [pool-1-thread-2] INFO  evometrics.core.FeatureEvolutorTask - [GEF] Acquired 1GB memory permits. Starting execution.
2026-06-10 17:51:06 [pool-1-thread-4] INFO  evometrics.core.FeatureEvolutorTask - [EMF] Starting evolution analysis on C:\Users\Kevin Strey\Desktop\Feature-models\org.eclipse.emf
2026-06-10 17:51:06 [pool-1-thread-3] INFO  evometrics.core.FeatureEvolutorTask - [EGIT] Starting evolution analysis on C:\Users\Kevin Strey\Desktop\Feature-models\egit
2026-06-10 17:51:06 [pool-1-thread-1] INFO  evometrics.core.FeatureEvolutorTask - [GMF] Starting evolution analysis on C:\Users\Kevin Strey\Desktop\Feature-models\gmf-runtime
2026-06-10 17:51:06 [pool-1-thread-2] INFO  evometrics.core.FeatureEvolutorTask - [GEF] Starting evolution analysis on C:\Users\Kevin Strey\Desktop\Feature-models\gef-classic
2026-06-10 17:51:06 [pool-1-thread-1] INFO  evometrics.core.FeatureEvolutorTask - [GMF] Fetching commits for release JunoSR0 up to 6b47d8aec67dfa008d9a59e8cdc5e1657cbf6c1b
2026-06-10 17:51:06 [pool-1-thread-2] INFO  evometrics.core.FeatureEvolutorTask - [GEF] Fetching commits for release JunoSR0 up to 45b250274ea8977fcbfc76dc217ab325c73908cd
2026-06-10 17:51:06 [pool-1-thread-4] INFO  evometrics.core.FeatureEvolutorTask - [EMF] Fetching commits for release JunoSR0 up to 38c34011df71b95c983afaf720d31ccd9c2d0b33
2026-06-10 17:51:06 [pool-1-thread-3] INFO  evometrics.core.FeatureEvolutorTask - [EGIT] Fetching commits for release JunoSR0 up to ed654fff36301797901fbbe180676f3e040d9dc1
2026-06-10 17:51:19 [pool-1-thread-3] WARN  e.parser.JavaParserExtractor - [PARSE_ERROR] Skipping file due to syntax issues: org.eclipse.egit.ui/src/org/eclipse/egit/ui/internal/components/RepositorySelectionPage.java
2026-06-10 17:51:25 [pool-1-thread-2] WARN  e.parser.JavaParserExtractor - [PARSE_ERROR] Skipping file due to syntax issues: org.eclipse.draw2d/src/org/eclipse/draw2d/internal/graph/SortSubgraphs.java
2026-06-10 17:51:47 [pool-1-thread-1] INFO  evometrics.core.FeatureEvolutorTask - [GMF] Fetching commits for release JunoSR1 up to 6b47d8aec67dfa008d9a59e8cdc5e1657cbf6c1b
2026-06-10 17:51:47 [pool-1-thread-1] INFO  evometrics.core.FeatureEvolutorTask - [GMF] Fetching commits for release JunoSR2 up to 595975ce7d5f7add36c7d08822336ac1433a2a38
2026-06-10 17:51:47 [pool-1-thread-1] INFO  evometrics.core.CsvExporter - [CSV] Finished streaming 28221 method change-events to CSV for feature 'GMF'
2026-06-10 17:51:47 [pool-1-thread-1] INFO  evometrics.core.FeatureEvolutorTask - [GMF] Evolution analysis completed.
2026-06-10 17:51:47 [pool-1-thread-1] INFO  evometrics.core.FeatureEvolutorTask - [GMF] Released 1GB memory permits.
2026-06-10 17:51:55 [pool-1-thread-3] INFO  evometrics.core.FeatureEvolutorTask - [EGIT] Fetching commits for release JunoSR1 up to 31e7fced862bfb846bc5b91b4fb9971337302cf6
2026-06-10 17:51:56 [pool-1-thread-2] INFO  evometrics.core.FeatureEvolutorTask - [GEF] Fetching commits for release JunoSR1 up to fe66a08eb964a4685e53e406b3b65ddb5298801f
2026-06-10 17:51:56 [pool-1-thread-2] INFO  evometrics.core.FeatureEvolutorTask - [GEF] Fetching commits for release JunoSR2 up to 9c4cc3294d34d814cdea873dfd76f497330d4039
2026-06-10 17:51:56 [pool-1-thread-2] INFO  evometrics.core.CsvExporter - [CSV] Finished streaming 40362 method change-events to CSV for feature 'GEF'
2026-06-10 17:51:56 [pool-1-thread-2] INFO  evometrics.core.FeatureEvolutorTask - [GEF] Evolution analysis completed.
2026-06-10 17:51:56 [pool-1-thread-2] INFO  evometrics.core.FeatureEvolutorTask - [GEF] Released 1GB memory permits.
2026-06-10 17:51:57 [pool-1-thread-3] INFO  evometrics.core.FeatureEvolutorTask - [EGIT] Fetching commits for release JunoSR2 up to 07447864f383271bf710d3054257fc388c9b19a5
2026-06-10 17:51:59 [pool-1-thread-3] INFO  evometrics.core.CsvExporter - [CSV] Finished streaming 14277 method change-events to CSV for feature 'EGIT'
2026-06-10 17:51:59 [pool-1-thread-3] INFO  evometrics.core.FeatureEvolutorTask - [EGIT] Evolution analysis completed.
2026-06-10 17:51:59 [pool-1-thread-3] INFO  evometrics.core.FeatureEvolutorTask - [EGIT] Released 1GB memory permits.
2026-06-10 17:52:06 [pool-1-thread-4] WARN  e.parser.JavaParserExtractor - [PARSE_ERROR] Skipping file due to syntax issues: tests/org.eclipse.emf.test.tools/data/Example.java
2026-06-10 17:52:15 [pool-1-thread-4] WARN  e.parser.JavaParserExtractor - [PARSE_ERROR] Skipping file due to syntax issues: tests/org.eclipse.emf.test.tools/data/ast_merge/merge4/MergerExpected.java
2026-06-10 17:52:15 [pool-1-thread-4] WARN  e.parser.JavaParserExtractor - [PARSE_ERROR] Skipping file due to syntax issues: tests/org.eclipse.emf.test.tools/data/ast_merge/merge4/MergerSource.java
2026-06-10 17:52:15 [pool-1-thread-4] WARN  e.parser.JavaParserExtractor - [PARSE_ERROR] Skipping file due to syntax issues: tests/org.eclipse.emf.test.tools/data/ast_merge/merge5/MergerExpected.java
2026-06-10 17:52:15 [pool-1-thread-4] WARN  e.parser.JavaParserExtractor - [PARSE_ERROR] Skipping file due to syntax issues: tests/org.eclipse.emf.test.tools/data/ast_merge/merge5/MergerSource.java
2026-06-10 17:52:15 [pool-1-thread-4] WARN  e.parser.JavaParserExtractor - [PARSE_ERROR] Skipping file due to syntax issues: tests/org.eclipse.emf.test.tools/data/ast_merge/merge6/MergerExpected.java
2026-06-10 17:52:15 [pool-1-thread-4] WARN  e.parser.JavaParserExtractor - [PARSE_ERROR] Skipping file due to syntax issues: tests/org.eclipse.emf.test.tools/data/ast_merge/merge6/MergerSource.java
2026-06-10 17:52:15 [pool-1-thread-4] WARN  e.parser.JavaParserExtractor - [PARSE_ERROR] Skipping file due to syntax issues: tests/org.eclipse.emf.test.tools/data/ast_merge/merge7/MergerExpected.java
2026-06-10 17:52:15 [pool-1-thread-4] WARN  e.parser.JavaParserExtractor - [PARSE_ERROR] Skipping file due to syntax issues: tests/org.eclipse.emf.test.tools/data/ast_merge/merge7/MergerSource.java
2026-06-10 17:52:15 [pool-1-thread-4] WARN  e.parser.JavaParserExtractor - [PARSE_ERROR] Skipping file due to syntax issues: tests/org.eclipse.emf.test.tools/data/ast_merge/merge4/MergerExpected.java
2026-06-10 17:52:16 [pool-1-thread-4] WARN  e.parser.JavaParserExtractor - [PARSE_ERROR] Skipping file due to syntax issues: tests/org.eclipse.emf.test.tools/data/ast_merge/merge5/MergerExpected.java
2026-06-10 17:52:16 [pool-1-thread-4] WARN  e.parser.JavaParserExtractor - [PARSE_ERROR] Skipping file due to syntax issues: tests/org.eclipse.emf.test.tools/data/ast_merge/merge6/MergerExpected.java
2026-06-10 17:52:16 [pool-1-thread-4] WARN  e.parser.JavaParserExtractor - [PARSE_ERROR] Skipping file due to syntax issues: tests/org.eclipse.emf.test.tools/data/ast_merge/merge7/MergerExpected.java
2026-06-10 17:52:16 [pool-1-thread-4] WARN  e.parser.JavaParserExtractor - [PARSE_ERROR] Skipping file due to syntax issues: tests/org.eclipse.emf.test.tools/data/merge.input/java1.4/merge4.163856/ASTMergerExpected.java
2026-06-10 17:52:16 [pool-1-thread-4] WARN  e.parser.JavaParserExtractor - [PARSE_ERROR] Skipping file due to syntax issues: tests/org.eclipse.emf.test.tools/data/merge.input/java1.4/merge4.163856/MergerSource.java
2026-06-10 17:52:16 [pool-1-thread-4] WARN  e.parser.JavaParserExtractor - [PARSE_ERROR] Skipping file due to syntax issues: tests/org.eclipse.emf.test.tools/data/merge.input/java1.4/merge5.comments.handling/ASTMergerExpected.java
2026-06-10 17:52:16 [pool-1-thread-4] WARN  e.parser.JavaParserExtractor - [PARSE_ERROR] Skipping file due to syntax issues: tests/org.eclipse.emf.test.tools/data/merge.input/java1.4/merge5.comments.handling/JDOMMergerExpected.java
2026-06-10 17:52:16 [pool-1-thread-4] WARN  e.parser.JavaParserExtractor - [PARSE_ERROR] Skipping file due to syntax issues: tests/org.eclipse.emf.test.tools/data/merge.input/java1.4/merge5.comments.handling/MergerSource.java
2026-06-10 17:52:16 [pool-1-thread-4] WARN  e.parser.JavaParserExtractor - [PARSE_ERROR] Skipping file due to syntax issues: tests/org.eclipse.emf.test.tools/data/merge.input/java1.4/merge6.comments.handling/ASTMergerExpected.java
2026-06-10 17:52:16 [pool-1-thread-4] WARN  e.parser.JavaParserExtractor - [PARSE_ERROR] Skipping file due to syntax issues: tests/org.eclipse.emf.test.tools/data/merge.input/java1.4/merge6.comments.handling/JDOMMergerExpected.java
2026-06-10 17:52:16 [pool-1-thread-4] WARN  e.parser.JavaParserExtractor - [PARSE_ERROR] Skipping file due to syntax issues: tests/org.eclipse.emf.test.tools/data/merge.input/java1.4/merge6.comments.handling/MergerSource.java
2026-06-10 17:52:16 [pool-1-thread-4] WARN  e.parser.JavaParserExtractor - [PARSE_ERROR] Skipping file due to syntax issues: tests/org.eclipse.emf.test.tools/data/merge.input/java1.4/merge7.extra.classes/ASTMergerExpected.java
2026-06-10 17:52:16 [pool-1-thread-4] WARN  e.parser.JavaParserExtractor - [PARSE_ERROR] Skipping file due to syntax issues: tests/org.eclipse.emf.test.tools/data/merge.input/java1.4/merge7.extra.classes/JDOMMergerExpected.java
2026-06-10 17:52:16 [pool-1-thread-4] WARN  e.parser.JavaParserExtractor - [PARSE_ERROR] Skipping file due to syntax issues: tests/org.eclipse.emf.test.tools/data/merge.input/java1.4/merge7.extra.classes/MergerSource.java
2026-06-10 17:52:16 [pool-1-thread-4] WARN  e.parser.JavaParserExtractor - [PARSE_ERROR] Skipping file due to syntax issues: tests/org.eclipse.emf.test.tools/data/merge.input/java1.4/merge7.extra.classes/ASTMergerExpected.java
2026-06-10 17:52:16 [pool-1-thread-4] WARN  e.parser.JavaParserExtractor - [PARSE_ERROR] Skipping file due to syntax issues: tests/org.eclipse.emf.test.tools/data/merge.input/java1.4/merge7.extra.classes/JDOMMergerExpected.java
2026-06-10 17:52:18 [pool-1-thread-4] WARN  e.parser.JavaParserExtractor - [PARSE_ERROR] Skipping file due to syntax issues: tests/org.eclipse.emf.test.tools/data/facade.ast/EnumsTest/TestMoveAndModify1.java
2026-06-10 17:52:18 [pool-1-thread-4] WARN  e.parser.JavaParserExtractor - [PARSE_ERROR] Skipping file due to syntax issues: tests/org.eclipse.emf.test.tools/data/facade.ast/FieldsTest/Source.java
2026-06-10 17:52:18 [pool-1-thread-4] WARN  e.parser.JavaParserExtractor - [PARSE_ERROR] Skipping file due to syntax issues: tests/org.eclipse.emf.test.tools/data/facade.ast/FieldsTest/TestMoveAndModify1.java
2026-06-10 17:52:18 [pool-1-thread-4] WARN  e.parser.JavaParserExtractor - [PARSE_ERROR] Skipping file due to syntax issues: tests/org.eclipse.emf.test.tools/data/facade.ast/FieldsTest/TestMoveAndModify2.java
2026-06-10 17:52:18 [pool-1-thread-4] WARN  e.parser.JavaParserExtractor - [PARSE_ERROR] Skipping file due to syntax issues: tests/org.eclipse.emf.test.tools/data/facade.ast/FieldsTest/TestMoveClasses.java
2026-06-10 17:52:18 [pool-1-thread-4] WARN  e.parser.JavaParserExtractor - [PARSE_ERROR] Skipping file due to syntax issues: tests/org.eclipse.emf.test.tools/data/facade.ast/SplitFieldsTest/Source.java
2026-06-10 17:52:18 [pool-1-thread-4] WARN  e.parser.JavaParserExtractor - [PARSE_ERROR] Skipping file due to syntax issues: tests/org.eclipse.emf.test.tools/data/facade.ast/SplitFieldsTest/TestAnnotationAdd.java
2026-06-10 17:52:18 [pool-1-thread-4] WARN  e.parser.JavaParserExtractor - [PARSE_ERROR] Skipping file due to syntax issues: tests/org.eclipse.emf.test.tools/data/facade.ast/SplitFieldsTest/TestAnnotationChange.java
2026-06-10 17:52:18 [pool-1-thread-4] WARN  e.parser.JavaParserExtractor - [PARSE_ERROR] Skipping file due to syntax issues: tests/org.eclipse.emf.test.tools/data/facade.ast/SplitFieldsTest/TestAnnotationRemove.java
2026-06-10 17:52:18 [pool-1-thread-4] WARN  e.parser.JavaParserExtractor - [PARSE_ERROR] Skipping file due to syntax issues: tests/org.eclipse.emf.test.tools/data/facade.ast/SplitFieldsTest/TestChangeAll.java
2026-06-10 17:52:18 [pool-1-thread-4] WARN  e.parser.JavaParserExtractor - [PARSE_ERROR] Skipping file due to syntax issues: tests/org.eclipse.emf.test.tools/data/facade.ast/SplitFieldsTest/TestChangeAllAndMove.java
2026-06-10 17:52:18 [pool-1-thread-4] WARN  e.parser.JavaParserExtractor - [PARSE_ERROR] Skipping file due to syntax issues: tests/org.eclipse.emf.test.tools/data/facade.ast/SplitFieldsTest/TestChangeAllAndRemoveAll.java
2026-06-10 17:52:18 [pool-1-thread-4] WARN  e.parser.JavaParserExtractor - [PARSE_ERROR] Skipping file due to syntax issues: tests/org.eclipse.emf.test.tools/data/facade.ast/SplitFieldsTest/TestCommentChange.java
2026-06-10 17:52:18 [pool-1-thread-4] WARN  e.parser.JavaParserExtractor - [PARSE_ERROR] Skipping file due to syntax issues: tests/org.eclipse.emf.test.tools/data/facade.ast/SplitFieldsTest/TestInitializerChangeWithNoSplit.java
2026-06-10 17:52:18 [pool-1-thread-4] WARN  e.parser.JavaParserExtractor - [PARSE_ERROR] Skipping file due to syntax issues: tests/org.eclipse.emf.test.tools/data/facade.ast/SplitFieldsTest/TestInitializerChangeWithSplit.java
2026-06-10 17:52:18 [pool-1-thread-4] WARN  e.parser.JavaParserExtractor - [PARSE_ERROR] Skipping file due to syntax issues: tests/org.eclipse.emf.test.tools/data/facade.ast/TypesTest/TestMoveAndModify1.java
2026-06-10 17:52:18 [pool-1-thread-4] WARN  e.parser.JavaParserExtractor - [PARSE_ERROR] Skipping file due to syntax issues: tests/org.eclipse.emf.test.tools/data/merge.input/java5/merge1.enumconstants-adding.1/MergerExpected.java
2026-06-10 17:52:18 [pool-1-thread-4] WARN  e.parser.JavaParserExtractor - [PARSE_ERROR] Skipping file due to syntax issues: tests/org.eclipse.emf.test.tools/data/merge.input/java5/merge1.enumconstants-adding.1/MergerSource.java
2026-06-10 17:52:18 [pool-1-thread-4] WARN  e.parser.JavaParserExtractor - [PARSE_ERROR] Skipping file due to syntax issues: tests/org.eclipse.emf.test.tools/data/merge.input/java5/merge1.enumconstants-adding.1/MergerExpected.java
2026-06-10 17:52:18 [pool-1-thread-4] WARN  e.parser.JavaParserExtractor - [PARSE_ERROR] Skipping file due to syntax issues: tests/org.eclipse.emf.test.tools/data/merge.input/java5/merge1.enumconstants-adding.1/MergerSource.java
2026-06-10 17:52:20 [pool-1-thread-4] WARN  e.parser.JavaParserExtractor - [PARSE_ERROR] Skipping file due to syntax issues: tests/org.eclipse.emf.test.tools/data/merge.input/java1.4/merge7.extra.classes/JDOMMergerExpected.java
2026-06-10 17:52:20 [pool-1-thread-4] WARN  e.parser.JavaParserExtractor - [PARSE_ERROR] Skipping file due to syntax issues: tests/org.eclipse.emf.test.tools/data/facade.ast/SplitFieldsTest/TestChangeAll.java
2026-06-10 17:52:20 [pool-1-thread-4] WARN  e.parser.JavaParserExtractor - [PARSE_ERROR] Skipping file due to syntax issues: tests/org.eclipse.emf.test.tools/data/facade.ast/SplitFieldsTest/TestChangeAllAndMove.java
2026-06-10 17:52:21 [pool-1-thread-4] WARN  e.parser.JavaParserExtractor - [PARSE_ERROR] Skipping file due to syntax issues: tests/org.eclipse.emf.test.tools/data/merge.input/java1.4/merge4.163856/ASTMergerExpected.java
2026-06-10 17:52:26 [pool-1-thread-4] WARN  e.parser.JavaParserExtractor - [PARSE_ERROR] Skipping file due to syntax issues: tests/org.eclipse.emf.test.tools/data/merge.input/java5/merge6/MergerTarget.java
2026-06-10 17:52:26 [pool-1-thread-4] WARN  e.parser.JavaParserExtractor - [PARSE_ERROR] Skipping file due to syntax issues: tests/org.eclipse.emf.test.tools/data/merge.input/java5/merge6/MergerTarget.java
2026-06-10 17:52:26 [pool-1-thread-4] WARN  e.parser.JavaParserExtractor - [PARSE_ERROR] Skipping file due to syntax issues: tests/org.eclipse.emf.test.tools/data/merge.input/java1.4/bugzilla/163856/ASTMergerExpected.java
2026-06-10 17:52:26 [pool-1-thread-4] WARN  e.parser.JavaParserExtractor - [PARSE_ERROR] Skipping file due to syntax issues: tests/org.eclipse.emf.test.tools/data/merge.input/java1.4/bugzilla/163856/MergerSource.java
2026-06-10 17:52:26 [pool-1-thread-4] WARN  e.parser.JavaParserExtractor - [PARSE_ERROR] Skipping file due to syntax issues: tests/org.eclipse.emf.test.tools/data/merge.input/java1.4/commentHandling/merge0/ASTMergerExpected.java
2026-06-10 17:52:26 [pool-1-thread-4] WARN  e.parser.JavaParserExtractor - [PARSE_ERROR] Skipping file due to syntax issues: tests/org.eclipse.emf.test.tools/data/merge.input/java1.4/commentHandling/merge0/JDOMMergerExpected.java
2026-06-10 17:52:26 [pool-1-thread-4] WARN  e.parser.JavaParserExtractor - [PARSE_ERROR] Skipping file due to syntax issues: tests/org.eclipse.emf.test.tools/data/merge.input/java1.4/commentHandling/merge0/MergerSource.java
2026-06-10 17:52:26 [pool-1-thread-4] WARN  e.parser.JavaParserExtractor - [PARSE_ERROR] Skipping file due to syntax issues: tests/org.eclipse.emf.test.tools/data/merge.input/java1.4/commentHandling/merge1/ASTMergerExpected.java
2026-06-10 17:52:26 [pool-1-thread-4] WARN  e.parser.JavaParserExtractor - [PARSE_ERROR] Skipping file due to syntax issues: tests/org.eclipse.emf.test.tools/data/merge.input/java1.4/commentHandling/merge1/JDOMMergerExpected.java
2026-06-10 17:52:26 [pool-1-thread-4] WARN  e.parser.JavaParserExtractor - [PARSE_ERROR] Skipping file due to syntax issues: tests/org.eclipse.emf.test.tools/data/merge.input/java1.4/commentHandling/merge1/MergerSource.java
2026-06-10 17:52:26 [pool-1-thread-4] WARN  e.parser.JavaParserExtractor - [PARSE_ERROR] Skipping file due to syntax issues: tests/org.eclipse.emf.test.tools/data/merge.input/java1.4/various/extra.classes/ASTMergerExpected.java
2026-06-10 17:52:26 [pool-1-thread-4] WARN  e.parser.JavaParserExtractor - [PARSE_ERROR] Skipping file due to syntax issues: tests/org.eclipse.emf.test.tools/data/merge.input/java1.4/various/extra.classes/JDOMMergerExpected.java
2026-06-10 17:52:26 [pool-1-thread-4] WARN  e.parser.JavaParserExtractor - [PARSE_ERROR] Skipping file due to syntax issues: tests/org.eclipse.emf.test.tools/data/merge.input/java1.4/various/extra.classes/MergerSource.java
2026-06-10 17:52:26 [pool-1-thread-4] WARN  e.parser.JavaParserExtractor - [PARSE_ERROR] Skipping file due to syntax issues: tests/org.eclipse.emf.test.tools/data/merge.input/java5/enumConstants/adding1/MergerExpected.java
2026-06-10 17:52:26 [pool-1-thread-4] WARN  e.parser.JavaParserExtractor - [PARSE_ERROR] Skipping file due to syntax issues: tests/org.eclipse.emf.test.tools/data/merge.input/java5/enumConstants/adding1/MergerSource.java
2026-06-10 17:52:26 [pool-1-thread-4] WARN  e.parser.JavaParserExtractor - [PARSE_ERROR] Skipping file due to syntax issues: tests/org.eclipse.emf.test.tools/data/merge.input/java5/various/merge1/MergerTarget.java
2026-06-10 17:52:26 [pool-1-thread-4] WARN  e.parser.JavaParserExtractor - [PARSE_ERROR] Skipping file due to syntax issues: tests/org.eclipse.emf.test.tools/data/facade.ast/FieldsTest/TestMoveClasses.java
2026-06-10 17:52:26 [pool-1-thread-4] WARN  e.parser.JavaParserExtractor - [PARSE_ERROR] Skipping file due to syntax issues: tests/org.eclipse.emf.test.tools/data/facade.ast/MethodsTest/Source.java
2026-06-10 17:52:26 [pool-1-thread-4] WARN  e.parser.JavaParserExtractor - [PARSE_ERROR] Skipping file due to syntax issues: tests/org.eclipse.emf.test.tools/data/facade.ast/MethodsTest/TestMoveAndModify1.java
2026-06-10 17:52:26 [pool-1-thread-4] WARN  e.parser.JavaParserExtractor - [PARSE_ERROR] Skipping file due to syntax issues: tests/org.eclipse.emf.test.tools/data/facade.ast/MethodsTest/TestMoveAndModify2.java
2026-06-10 17:52:26 [pool-1-thread-4] WARN  e.parser.JavaParserExtractor - [PARSE_ERROR] Skipping file due to syntax issues: tests/org.eclipse.emf.test.tools/data/facade.ast/MethodsTest/TestMoveClasses.java
2026-06-10 17:52:33 [pool-1-thread-4] WARN  e.parser.JavaParserExtractor - [PARSE_ERROR] Skipping file due to syntax issues: tests/org.eclipse.emf.test.tools/data/merge.input/java1.4/matchRules/setName/ASTMergerExpected.java
2026-06-10 17:52:33 [pool-1-thread-4] WARN  e.parser.JavaParserExtractor - [PARSE_ERROR] Skipping file due to syntax issues: tests/org.eclipse.emf.test.tools/data/merge.input/java1.4/matchRules/setName/JDOMMergerExpected.java
2026-06-10 17:52:33 [pool-1-thread-4] WARN  e.parser.JavaParserExtractor - [PARSE_ERROR] Skipping file due to syntax issues: tests/org.eclipse.emf.test.tools/data/merge.input/java1.4/matchRules/setName/MergerTarget.java
2026-06-10 17:52:49 [pool-1-thread-4] WARN  e.parser.JavaParserExtractor - [PARSE_ERROR] Skipping file due to syntax issues: tests/org.eclipse.emf.test.tools/data/merge.input/java5/various/merge1/MergerTarget.java
2026-06-10 17:53:11 [pool-1-thread-4] WARN  e.parser.JavaParserExtractor - [PARSE_ERROR] Skipping file due to syntax issues: tests/org.eclipse.emf.test.tools/data/merge.input/java1.4/commentHandling/merge0/ASTMergerExpected.java
2026-06-10 17:53:11 [pool-1-thread-4] WARN  e.parser.JavaParserExtractor - [PARSE_ERROR] Skipping file due to syntax issues: tests/org.eclipse.emf.test.tools/data/merge.input/java1.4/commentHandling/merge1/ASTMergerExpected.java
2026-06-10 17:53:11 [pool-1-thread-4] WARN  e.parser.JavaParserExtractor - [PARSE_ERROR] Skipping file due to syntax issues: tests/org.eclipse.emf.test.tools/data/merge.input/java1.4/various/extra.classes/ASTMergerExpected.java
2026-06-10 17:54:26 [pool-1-thread-4] WARN  e.parser.JavaParserExtractor - [PARSE_ERROR] Skipping file due to syntax issues: tests/org.eclipse.emf.test.tools/data/facade.ast/EnumsTest/TestMoveAndModify1.java
2026-06-10 17:54:26 [pool-1-thread-4] WARN  e.parser.JavaParserExtractor - [PARSE_ERROR] Skipping file due to syntax issues: tests/org.eclipse.emf.test.tools/data/facade.ast/TypesTest/TestMoveAndModify1.java
2026-06-10 17:54:26 [pool-1-thread-4] WARN  e.parser.JavaParserExtractor - [PARSE_ERROR] Skipping file due to syntax issues: tests/org.eclipse.emf.test.tools/data/merge.input/java1.4/commentHandling/merge0/ASTMergerExpected.java
2026-06-10 17:54:26 [pool-1-thread-4] WARN  e.parser.JavaParserExtractor - [PARSE_ERROR] Skipping file due to syntax issues: tests/org.eclipse.emf.test.tools/data/merge.input/java1.4/commentHandling/merge0/JDOMMergerExpected.java
2026-06-10 17:54:26 [pool-1-thread-4] WARN  e.parser.JavaParserExtractor - [PARSE_ERROR] Skipping file due to syntax issues: tests/org.eclipse.emf.test.tools/data/merge.input/java1.4/commentHandling/merge0/MergerSource.java
2026-06-10 17:54:26 [pool-1-thread-4] WARN  e.parser.JavaParserExtractor - [PARSE_ERROR] Skipping file due to syntax issues: tests/org.eclipse.emf.test.tools/data/merge.input/java1.4/commentHandling/merge1/ASTMergerExpected.java
2026-06-10 17:54:26 [pool-1-thread-4] WARN  e.parser.JavaParserExtractor - [PARSE_ERROR] Skipping file due to syntax issues: tests/org.eclipse.emf.test.tools/data/merge.input/java1.4/commentHandling/merge1/JDOMMergerExpected.java
2026-06-10 17:54:26 [pool-1-thread-4] WARN  e.parser.JavaParserExtractor - [PARSE_ERROR] Skipping file due to syntax issues: tests/org.eclipse.emf.test.tools/data/merge.input/java1.4/commentHandling/merge1/MergerSource.java
2026-06-10 17:54:26 [pool-1-thread-4] WARN  e.parser.JavaParserExtractor - [PARSE_ERROR] Skipping file due to syntax issues: tests/org.eclipse.emf.test.tools/data/merge.input/java1.4/various/extra.classes/ASTMergerExpected.java
2026-06-10 17:54:26 [pool-1-thread-4] WARN  e.parser.JavaParserExtractor - [PARSE_ERROR] Skipping file due to syntax issues: tests/org.eclipse.emf.test.tools/data/merge.input/java1.4/various/extra.classes/JDOMMergerExpected.java
2026-06-10 17:54:26 [pool-1-thread-4] WARN  e.parser.JavaParserExtractor - [PARSE_ERROR] Skipping file due to syntax issues: tests/org.eclipse.emf.test.tools/data/merge.input/java1.4/various/extra.classes/MergerSource.java
2026-06-10 17:54:26 [pool-1-thread-4] WARN  e.parser.JavaParserExtractor - [PARSE_ERROR] Skipping file due to syntax issues: tests/org.eclipse.emf.test.tools/data/merge.input/java5/enumConstants/adding1/MergerExpected.java
2026-06-10 17:54:26 [pool-1-thread-4] WARN  e.parser.JavaParserExtractor - [PARSE_ERROR] Skipping file due to syntax issues: tests/org.eclipse.emf.test.tools/data/merge.input/java5/enumConstants/adding1/MergerSource.java
2026-06-10 17:54:26 [pool-1-thread-4] WARN  e.parser.JavaParserExtractor - [PARSE_ERROR] Skipping file due to syntax issues: tests/org.eclipse.emf.test.tools/data/merge.input/java5/various/merge1/MergerTarget.java
2026-06-10 17:54:40 [pool-1-thread-4] WARN  e.parser.JavaParserExtractor - [PARSE_ERROR] Skipping file due to syntax issues: tests/org.eclipse.emf.test.tools/data/merge.input/java1.4/commentHandling/merge0/ASTMergerExpected.java
2026-06-10 17:54:40 [pool-1-thread-4] WARN  e.parser.JavaParserExtractor - [PARSE_ERROR] Skipping file due to syntax issues: tests/org.eclipse.emf.test.tools/data/merge.input/java1.4/commentHandling/merge0/ASTMergerExpectedAlt.java
2026-06-10 17:54:40 [pool-1-thread-4] WARN  e.parser.JavaParserExtractor - [PARSE_ERROR] Skipping file due to syntax issues: tests/org.eclipse.emf.test.tools/data/merge.input/java1.4/commentHandling/merge1/ASTMergerExpected.java
2026-06-10 17:54:40 [pool-1-thread-4] WARN  e.parser.JavaParserExtractor - [PARSE_ERROR] Skipping file due to syntax issues: tests/org.eclipse.emf.test.tools/data/merge.input/java1.4/commentHandling/merge1/ASTMergerExpectedAlt.java
2026-06-10 17:54:40 [pool-1-thread-4] WARN  e.parser.JavaParserExtractor - [PARSE_ERROR] Skipping file due to syntax issues: tests/org.eclipse.emf.test.tools/data/merge.input/java1.4/various/extra.classes/ASTMergerExpected.java
2026-06-10 17:54:40 [pool-1-thread-4] WARN  e.parser.JavaParserExtractor - [PARSE_ERROR] Skipping file due to syntax issues: tests/org.eclipse.emf.test.tools/data/merge.input/java1.4/various/extra.classes/ASTMergerExpectedAlt.java
2026-06-10 17:55:17 [pool-1-thread-4] INFO  evometrics.core.FeatureEvolutorTask - [EMF] Fetching commits for release JunoSR1 up to bdea72bfb2b3602f8cbf4d095cc3c60585ef7810
2026-06-10 17:55:18 [pool-1-thread-4] INFO  evometrics.core.FeatureEvolutorTask - [EMF] Fetching commits for release JunoSR2 up to 30406cdb0f63015d6367768782bbf0a379390e0a
2026-06-10 17:55:19 [pool-1-thread-4] INFO  evometrics.core.CsvExporter - [CSV] Finished streaming 125326 method change-events to CSV for feature 'EMF'
2026-06-10 17:55:19 [pool-1-thread-4] INFO  evometrics.core.FeatureEvolutorTask - [EMF] Evolution analysis completed.
2026-06-10 17:55:19 [pool-1-thread-4] INFO  evometrics.core.FeatureEvolutorTask - [EMF] Released 1GB memory permits.
2026-06-10 17:55:19 [main] INFO  Main - All metrics collected successfully.
